Mit dem Teil eines regulären Ausdrucks innerhalb der Schrägstriche wird das Muster definiert.
Verwirft den aktuellen Status und ersetzt diesen vorübergehend durch den vorherigen Status.
Um einen Verbindungspunkt in einen Eckpunkt ohne Richtungslinien umzuwandeln, klicken Sie auf den Verbindungspunkt.
Hier stehen einzelne Farben und Farbgruppen zur Verfügung.
Definiert das Ende der Zeichenklasse.
Rufen Sie sich in Erinnerung, dass dieser Code alle 15 illisekunden aufgerufen wird.
Anschließend wird bei allen Methoden die Superclass-Version der jeweiligen Methode aufgerufen.
Stellen Sie mithilfe des Adobe-Farbwählers sicher, dass die derzeit ausgewählte Farbe identische R-, G- und B-Werte aufweist (z. B. "128,128,128").
Klicken Sie in der Symbolleiste zur Textformatierung auf die Schaltflächen "Einzug" oder "Negativeinzug."
Jede Zeile enthält die folgenden Informationen zu den Entwürfen:
Legt für das Objekt einen Schnittbereich fest, falls vorhanden.
Beachten Sie, dass args[1] die zwischengespeicherte Gruppe angibt, die dem regulären Ausdruck usdPrice entspricht.
Wählen Sie eine Füllmethode aus, wenn Sie eine Auswahl zum Verschieben von Bildinhalt verwenden möchten.
Symbole für den Messmodus, die im Metadaten-Placard angezeigt werden:
Es wird in erster Linie auf WAP-Seiten verwendet (Wireless Application Protocol - Übertragungsprotokoll für Mobiltelefone).
Beim Platzieren einer Illustrator-Datei mit mehreren Zeichenflächen können Sie festlegen, welche Zeichenfläche verwendet werden soll, wie dies auch beim Platzieren mehrseitiger PDF-Dateien möglich ist.
Weitere Informationen zum Ausfüllen des Dialogfelds finden Sie unter Erstellen von Text- und Bild-Hyperlinks.
Soll der angezeigte Tastaturbefehlssatz angewendet werden, klicken Sie auf "OK."
Öffnet das Dialogfeld "Erweiterte QuickTime-Einstellungen."
Solange die Rechteckgrundform auf der Bühne ausgewählt ist, können Sie mit den Steuerungen des Eigenschafteninspektors die Form weiter verändern oder die Füll- und Strichfarben anpassen.
Aktivieren Sie im Dialogfeld "Indizierte Farbe" die Option "Vorschau," um eine Vorschau der Änderungen anzuzeigen.
Die Standardposition ist "Normal."
Einige der Elemente im Array sind Seen und keine Meere und sollen daher entfernt werden.
Klicken Sie im Bedienfeld auf die Schaltfläche "Anwenden" oder wählen Sie im Bedienfeldmenü "Bei aktueller Position anwenden."
Wenn derzeit ein Objekt ausgewählt ist, drücken Sie +, um das vorhergehende Objekt auszuwählen.
Darüber hinaus können InDesign-Benutzer Designaktualisierungen für den Zugriff durch InCopy-Benutzer bereitstellen und so sicherstellen, dass die InCopy-Benutzer immer mit den neuesten Layouts arbeiten.
Die Druckerauflösung wird als Anzahl der Farbpunkte pro Zoll (Dots per Inch, dpi) gemessen.
Die Kameraposition wird auf die Ebene ausgerichtet, die sich aus den drei ausgewählten Punkten zusammensetzt.
Suchen Sie die einzufügende Videodatei und wählen Sie sie aus. Klicken Sie dann auf "Öffnen" oder "OK."
Sie können zusätzliche Optionen für UILoader-Instanzen mit den Methoden, Eigenschaften und Ereignissen von ActionScript festlegen.
Wenn alle Änderungen rückgängig gemacht werden sollen, die seit dem letzten Speichern des Dokuments vorgenommen wurden, wählen Sie "Datei" > "Inhalt zurücksetzen."
Aktivieren Sie die Option "Interaktive Elemente," damit die Medienclips im PDF-Dokument abgespielt werden können.
Wählen Sie eine Option aus der Dropdown-Liste "Steuerung," um anzugeben, wie die Tiefe der Pinselspuren gesteuert wird:
In diesem Fall können Sie eventuell nicht die gesamte Seite sehen.
Um nur Tagged-Text-Marken anzuzeigen, wählen Sie "Ansicht" > "Struktur" > "Tag-Marken einblenden."
Wenn Sie die Grifflinien eines Ankerpunkts einzeln bewegen möchten, ziehen Sie die Grifflinien bei gedrückter -Taste (Windows) bzw. Wahltaste (Macintosh) an die gewünschte Stelle.
Bei gedruckten Dokumenten werden optimale Ergebnisse erzielt, wenn Sie eine Volltonfarbe aus dem Farbsystem angeben, mit der Ihre Druckerei arbeitet.
Sound können Sie mithilfe von Adobe® Flash® Player oder Adobe® AIR™ und ActionScript wiedergeben.
Fügt dem Segment oder Hotspot ein Popupmenü hinzu.
Dieser Wert sollte anhand des Hostcomputers für die entsprechende Website und nicht anhand des Computers festgelegt werden, mit dem die Seite bearbeitet wird.
Ist der Status unbekannt, klicken Sie auf die Registerkarte "Unterzeichner" und dann auf "Zertifikat anzeigen," um weitere Informationen über das Zertifikat zu erhalten.
Zum Löschen des gesamten Bedienfelds "Farbfeld" wählen Sie "Farbfelder löschen" im Menü "Optionen" des Bedienfelds "Farbfelder."
Ersetzt die ausgewählten Zeichen durch JIS 04-Zeichen.
Um sicherzustellen, dass alle Verknüpfungen erhalten bleiben, kopieren Sie alle verknüpften Dateien in denselben QuarkXPress-Dokumentordner.
Ziehen Sie Textrahmen mit dem Text-Werkzeug und zeichnen Sie Grafikrahmen mit den Zeichenwerkzeugen.
Geben Sie unter "Schritt" den Prozentwert der Druckfarbe ein, der bei jeder Wiederholung hinzugefügt werden soll.
Lassen Sie im Popup-Menü oben links die Option "Beschnitt-Rahmen" ausgewählt und passen Sie unter "Randeinstellungen" die folgenden Werte an: "Oben," "Unten," "Links" und "Rechts."
Der erste Keyframe wird zum aktuellen Zeitpunkt angezeigt und die anderen Keyframes folgen in relativer Reihenfolge.
versucht, die in Excel verwendete Formatierung beizubehalten. Die Textformatierung in den einzelnen Zellen bleibt möglicherweise jedoch nicht erhalten.
Soll das zugeordnete Bildmaterial in die Begrenzungen der ausgewählten Fläche eingepasst werden, klicken Sie auf "Auf Seitengröße skalieren."
